C:/Users/Lenovo/STM32Cube/Repository/STM32Cube_FW_F4_V1.28.2/Drivers/STM32F4xx_HAL_Driver/Src/stm32f4xx_hal_uart.c:357:19:HAL_UART_Init	16	static
C:/Users/Lenovo/STM32Cube/Repository/STM32Cube_FW_F4_V1.28.2/Drivers/STM32F4xx_HAL_Driver/Src/stm32f4xx_hal_uart.c:435:19:HAL_HalfDuplex_Init	16	static
C:/Users/Lenovo/STM32Cube/Repository/STM32Cube_FW_F4_V1.28.2/Drivers/STM32F4xx_HAL_Driver/Src/stm32f4xx_hal_uart.c:509:19:HAL_LIN_Init	16	static
C:/Users/Lenovo/STM32Cube/Repository/STM32Cube_FW_F4_V1.28.2/Drivers/STM32F4xx_HAL_Driver/Src/stm32f4xx_hal_uart.c:591:19:HAL_MultiProcessor_Init	24	static
C:/Users/Lenovo/STM32Cube/Repository/STM32Cube_FW_F4_V1.28.2/Drivers/STM32F4xx_HAL_Driver/Src/stm32f4xx_hal_uart.c:669:19:HAL_UART_DeInit	16	static
C:/Users/Lenovo/STM32Cube/Repository/STM32Cube_FW_F4_V1.28.2/Drivers/STM32F4xx_HAL_Driver/Src/stm32f4xx_hal_uart.c:715:13:HAL_UART_MspInit	16	static
C:/Users/Lenovo/STM32Cube/Repository/STM32Cube_FW_F4_V1.28.2/Drivers/STM32F4xx_HAL_Driver/Src/stm32f4xx_hal_uart.c:730:13:HAL_UART_MspDeInit	16	static
C:/Users/Lenovo/STM32Cube/Repository/STM32Cube_FW_F4_V1.28.2/Drivers/STM32F4xx_HAL_Driver/Src/stm32f4xx_hal_uart.c:1135:19:HAL_UART_Transmit	48	static
C:/Users/Lenovo/STM32Cube/Repository/STM32Cube_FW_F4_V1.28.2/Drivers/STM32F4xx_HAL_Driver/Src/stm32f4xx_hal_uart.c:1221:19:HAL_UART_Receive	48	static
C:/Users/Lenovo/STM32Cube/Repository/STM32Cube_FW_F4_V1.28.2/Drivers/STM32F4xx_HAL_Driver/Src/stm32f4xx_hal_uart.c:1308:19:HAL_UART_Transmit_IT	24	static
C:/Users/Lenovo/STM32Cube/Repository/STM32Cube_FW_F4_V1.28.2/Drivers/STM32F4xx_HAL_Driver/Src/stm32f4xx_hal_uart.c:1347:19:HAL_UART_Receive_IT	24	static
C:/Users/Lenovo/STM32Cube/Repository/STM32Cube_FW_F4_V1.28.2/Drivers/STM32F4xx_HAL_Driver/Src/stm32f4xx_hal_uart.c:1379:19:HAL_UART_Transmit_DMA	56	static,ignoring_inline_asm
C:/Users/Lenovo/STM32Cube/Repository/STM32Cube_FW_F4_V1.28.2/Drivers/STM32F4xx_HAL_Driver/Src/stm32f4xx_hal_uart.c:1449:19:HAL_UART_Receive_DMA	24	static
C:/Users/Lenovo/STM32Cube/Repository/STM32Cube_FW_F4_V1.28.2/Drivers/STM32F4xx_HAL_Driver/Src/stm32f4xx_hal_uart.c:1476:19:HAL_UART_DMAPause	120	static,ignoring_inline_asm
C:/Users/Lenovo/STM32Cube/Repository/STM32Cube_FW_F4_V1.28.2/Drivers/STM32F4xx_HAL_Driver/Src/stm32f4xx_hal_uart.c:1507:19:HAL_UART_DMAResume	120	static,ignoring_inline_asm
C:/Users/Lenovo/STM32Cube/Repository/STM32Cube_FW_F4_V1.28.2/Drivers/STM32F4xx_HAL_Driver/Src/stm32f4xx_hal_uart.c:1541:19:HAL_UART_DMAStop	72	static,ignoring_inline_asm
C:/Users/Lenovo/STM32Cube/Repository/STM32Cube_FW_F4_V1.28.2/Drivers/STM32F4xx_HAL_Driver/Src/stm32f4xx_hal_uart.c:1596:19:HAL_UARTEx_ReceiveToIdle	40	static
C:/Users/Lenovo/STM32Cube/Repository/STM32Cube_FW_F4_V1.28.2/Drivers/STM32F4xx_HAL_Driver/Src/stm32f4xx_hal_uart.c:1721:19:HAL_UARTEx_ReceiveToIdle_IT	56	static,ignoring_inline_asm
C:/Users/Lenovo/STM32Cube/Repository/STM32Cube_FW_F4_V1.28.2/Drivers/STM32F4xx_HAL_Driver/Src/stm32f4xx_hal_uart.c:1781:19:HAL_UARTEx_ReceiveToIdle_DMA	56	static,ignoring_inline_asm
C:/Users/Lenovo/STM32Cube/Repository/STM32Cube_FW_F4_V1.28.2/Drivers/STM32F4xx_HAL_Driver/Src/stm32f4xx_hal_uart.c:1846:29:HAL_UARTEx_GetRxEventType	16	static
C:/Users/Lenovo/STM32Cube/Repository/STM32Cube_FW_F4_V1.28.2/Drivers/STM32F4xx_HAL_Driver/Src/stm32f4xx_hal_uart.c:1864:19:HAL_UART_Abort	136	static,ignoring_inline_asm
C:/Users/Lenovo/STM32Cube/Repository/STM32Cube_FW_F4_V1.28.2/Drivers/STM32F4xx_HAL_Driver/Src/stm32f4xx_hal_uart.c:1953:19:HAL_UART_AbortTransmit	64	static,ignoring_inline_asm
C:/Users/Lenovo/STM32Cube/Repository/STM32Cube_FW_F4_V1.28.2/Drivers/STM32F4xx_HAL_Driver/Src/stm32f4xx_hal_uart.c:2004:19:HAL_UART_AbortReceive	112	static,ignoring_inline_asm
C:/Users/Lenovo/STM32Cube/Repository/STM32Cube_FW_F4_V1.28.2/Drivers/STM32F4xx_HAL_Driver/Src/stm32f4xx_hal_uart.c:2065:19:HAL_UART_Abort_IT	144	static,ignoring_inline_asm
C:/Users/Lenovo/STM32Cube/Repository/STM32Cube_FW_F4_V1.28.2/Drivers/STM32F4xx_HAL_Driver/Src/stm32f4xx_hal_uart.c:2200:19:HAL_UART_AbortTransmit_IT	64	static,ignoring_inline_asm
C:/Users/Lenovo/STM32Cube/Repository/STM32Cube_FW_F4_V1.28.2/Drivers/STM32F4xx_HAL_Driver/Src/stm32f4xx_hal_uart.c:2277:19:HAL_UART_AbortReceive_IT	112	static,ignoring_inline_asm
C:/Users/Lenovo/STM32Cube/Repository/STM32Cube_FW_F4_V1.28.2/Drivers/STM32F4xx_HAL_Driver/Src/stm32f4xx_hal_uart.c:2355:6:HAL_UART_IRQHandler	240	static,ignoring_inline_asm
C:/Users/Lenovo/STM32Cube/Repository/STM32Cube_FW_F4_V1.28.2/Drivers/STM32F4xx_HAL_Driver/Src/stm32f4xx_hal_uart.c:2619:13:HAL_UART_TxCpltCallback	16	static
C:/Users/Lenovo/STM32Cube/Repository/STM32Cube_FW_F4_V1.28.2/Drivers/STM32F4xx_HAL_Driver/Src/stm32f4xx_hal_uart.c:2634:13:HAL_UART_TxHalfCpltCallback	16	static
C:/Users/Lenovo/STM32Cube/Repository/STM32Cube_FW_F4_V1.28.2/Drivers/STM32F4xx_HAL_Driver/Src/stm32f4xx_hal_uart.c:2665:13:HAL_UART_ErrorCallback	16	static
C:/Users/Lenovo/STM32Cube/Repository/STM32Cube_FW_F4_V1.28.2/Drivers/STM32F4xx_HAL_Driver/Src/stm32f4xx_hal_uart.c:2679:13:HAL_UART_AbortCpltCallback	16	static
C:/Users/Lenovo/STM32Cube/Repository/STM32Cube_FW_F4_V1.28.2/Drivers/STM32F4xx_HAL_Driver/Src/stm32f4xx_hal_uart.c:2694:13:HAL_UART_AbortTransmitCpltCallback	16	static
C:/Users/Lenovo/STM32Cube/Repository/STM32Cube_FW_F4_V1.28.2/Drivers/STM32F4xx_HAL_Driver/Src/stm32f4xx_hal_uart.c:2709:13:HAL_UART_AbortReceiveCpltCallback	16	static
C:/Users/Lenovo/STM32Cube/Repository/STM32Cube_FW_F4_V1.28.2/Drivers/STM32F4xx_HAL_Driver/Src/stm32f4xx_hal_uart.c:2726:13:HAL_UARTEx_RxEventCallback	16	static
C:/Users/Lenovo/STM32Cube/Repository/STM32Cube_FW_F4_V1.28.2/Drivers/STM32F4xx_HAL_Driver/Src/stm32f4xx_hal_uart.c:2766:19:HAL_LIN_SendBreak	40	static,ignoring_inline_asm
C:/Users/Lenovo/STM32Cube/Repository/STM32Cube_FW_F4_V1.28.2/Drivers/STM32F4xx_HAL_Driver/Src/stm32f4xx_hal_uart.c:2793:19:HAL_MultiProcessor_EnterMuteMode	40	static,ignoring_inline_asm
C:/Users/Lenovo/STM32Cube/Repository/STM32Cube_FW_F4_V1.28.2/Drivers/STM32F4xx_HAL_Driver/Src/stm32f4xx_hal_uart.c:2821:19:HAL_MultiProcessor_ExitMuteMode	40	static,ignoring_inline_asm
C:/Users/Lenovo/STM32Cube/Repository/STM32Cube_FW_F4_V1.28.2/Drivers/STM32F4xx_HAL_Driver/Src/stm32f4xx_hal_uart.c:2849:19:HAL_HalfDuplex_EnableTransmitter	24	static
C:/Users/Lenovo/STM32Cube/Repository/STM32Cube_FW_F4_V1.28.2/Drivers/STM32F4xx_HAL_Driver/Src/stm32f4xx_hal_uart.c:2884:19:HAL_HalfDuplex_EnableReceiver	24	static
C:/Users/Lenovo/STM32Cube/Repository/STM32Cube_FW_F4_V1.28.2/Drivers/STM32F4xx_HAL_Driver/Src/stm32f4xx_hal_uart.c:2941:23:HAL_UART_GetState	24	static
C:/Users/Lenovo/STM32Cube/Repository/STM32Cube_FW_F4_V1.28.2/Drivers/STM32F4xx_HAL_Driver/Src/stm32f4xx_hal_uart.c:2956:10:HAL_UART_GetError	16	static
C:/Users/Lenovo/STM32Cube/Repository/STM32Cube_FW_F4_V1.28.2/Drivers/STM32F4xx_HAL_Driver/Src/stm32f4xx_hal_uart.c:3001:13:UART_DMATransmitCplt	72	static,ignoring_inline_asm
C:/Users/Lenovo/STM32Cube/Repository/STM32Cube_FW_F4_V1.28.2/Drivers/STM32F4xx_HAL_Driver/Src/stm32f4xx_hal_uart.c:3036:13:UART_DMATxHalfCplt	24	static
C:/Users/Lenovo/STM32Cube/Repository/STM32Cube_FW_F4_V1.28.2/Drivers/STM32F4xx_HAL_Driver/Src/stm32f4xx_hal_uart.c:3055:13:UART_DMAReceiveCplt	120	static,ignoring_inline_asm
C:/Users/Lenovo/STM32Cube/Repository/STM32Cube_FW_F4_V1.28.2/Drivers/STM32F4xx_HAL_Driver/Src/stm32f4xx_hal_uart.c:3117:13:UART_DMARxHalfCplt	24	static
C:/Users/Lenovo/STM32Cube/Repository/STM32Cube_FW_F4_V1.28.2/Drivers/STM32F4xx_HAL_Driver/Src/stm32f4xx_hal_uart.c:3156:13:UART_DMAError	24	static
C:/Users/Lenovo/STM32Cube/Repository/STM32Cube_FW_F4_V1.28.2/Drivers/STM32F4xx_HAL_Driver/Src/stm32f4xx_hal_uart.c:3198:26:UART_WaitOnFlagUntilTimeout	32	static
C:/Users/Lenovo/STM32Cube/Repository/STM32Cube_FW_F4_V1.28.2/Drivers/STM32F4xx_HAL_Driver/Src/stm32f4xx_hal_uart.c:3249:19:UART_Start_Receive_IT	24	static
C:/Users/Lenovo/STM32Cube/Repository/STM32Cube_FW_F4_V1.28.2/Drivers/STM32F4xx_HAL_Driver/Src/stm32f4xx_hal_uart.c:3284:19:UART_Start_Receive_DMA	104	static,ignoring_inline_asm
C:/Users/Lenovo/STM32Cube/Repository/STM32Cube_FW_F4_V1.28.2/Drivers/STM32F4xx_HAL_Driver/Src/stm32f4xx_hal_uart.c:3342:13:UART_EndTxTransfer	40	static,ignoring_inline_asm
C:/Users/Lenovo/STM32Cube/Repository/STM32Cube_FW_F4_V1.28.2/Drivers/STM32F4xx_HAL_Driver/Src/stm32f4xx_hal_uart.c:3356:13:UART_EndRxTransfer	88	static,ignoring_inline_asm
C:/Users/Lenovo/STM32Cube/Repository/STM32Cube_FW_F4_V1.28.2/Drivers/STM32F4xx_HAL_Driver/Src/stm32f4xx_hal_uart.c:3380:13:UART_DMAAbortOnError	24	static
C:/Users/Lenovo/STM32Cube/Repository/STM32Cube_FW_F4_V1.28.2/Drivers/STM32F4xx_HAL_Driver/Src/stm32f4xx_hal_uart.c:3403:13:UART_DMATxAbortCallback	24	static
C:/Users/Lenovo/STM32Cube/Repository/STM32Cube_FW_F4_V1.28.2/Drivers/STM32F4xx_HAL_Driver/Src/stm32f4xx_hal_uart.c:3449:13:UART_DMARxAbortCallback	24	static
C:/Users/Lenovo/STM32Cube/Repository/STM32Cube_FW_F4_V1.28.2/Drivers/STM32F4xx_HAL_Driver/Src/stm32f4xx_hal_uart.c:3495:13:UART_DMATxOnlyAbortCallback	24	static
C:/Users/Lenovo/STM32Cube/Repository/STM32Cube_FW_F4_V1.28.2/Drivers/STM32F4xx_HAL_Driver/Src/stm32f4xx_hal_uart.c:3523:13:UART_DMARxOnlyAbortCallback	24	static
C:/Users/Lenovo/STM32Cube/Repository/STM32Cube_FW_F4_V1.28.2/Drivers/STM32F4xx_HAL_Driver/Src/stm32f4xx_hal_uart.c:3549:26:UART_Transmit_IT	24	static
C:/Users/Lenovo/STM32Cube/Repository/STM32Cube_FW_F4_V1.28.2/Drivers/STM32F4xx_HAL_Driver/Src/stm32f4xx_hal_uart.c:3589:26:UART_EndTransmit_IT	16	static
C:/Users/Lenovo/STM32Cube/Repository/STM32Cube_FW_F4_V1.28.2/Drivers/STM32F4xx_HAL_Driver/Src/stm32f4xx_hal_uart.c:3614:26:UART_Receive_IT	56	static,ignoring_inline_asm
C:/Users/Lenovo/STM32Cube/Repository/STM32Cube_FW_F4_V1.28.2/Drivers/STM32F4xx_HAL_Driver/Src/stm32f4xx_hal_uart.c:3717:13:UART_SetConfig	288	static
