../HAL/LCD/lcd.c:20:15:lcd_4bit_intialize	24	static
../HAL/LCD/lcd.c:43:15:lcd_4bit_send_command	24	static
../HAL/LCD/lcd.c:63:15:lcd_4bit_send_char_data	24	static
../HAL/LCD/lcd.c:83:15:lcd_4bit_send_char_data_pos	24	static
../HAL/LCD/lcd.c:95:15:lcd_4bit_send_string	24	static
../HAL/LCD/lcd.c:107:15:lcd_4bit_send_string_pos	32	static
../HAL/LCD/lcd.c:133:22:lcd_send_4bits	24	static
../HAL/LCD/lcd.c:155:22:lcd_4bit_send_enable_signal	24	static
../HAL/LCD/lcd.c:172:22:lcd_4bit_set_cursor	24	static
../HAL/LCD/lcd.c:188:15:lcd_8bit_intialize	24	static
../HAL/LCD/lcd.c:210:15:lcd_8bit_send_command	24	static
../HAL/LCD/lcd.c:231:15:lcd_8bit_send_char_data	24	static
../HAL/LCD/lcd.c:251:15:lcd_8bit_send_char_data_pos	24	static
../HAL/LCD/lcd.c:263:15:lcd_8bit_send_string	24	static
../HAL/LCD/lcd.c:275:15:lcd_8bit_send_string_pos	32	static
../HAL/LCD/lcd.c:300:22:lcd_8bit_send_enable_signal	24	static
../HAL/LCD/lcd.c:308:22:lcd_8bit_set_cursor	24	static
../HAL/LCD/lcd.c:329:15:convert_uint8_to_string	24	static
../HAL/LCD/lcd.c:349:15:convert_uint16_to_string	24	static
../HAL/LCD/lcd.c:368:15:convert_uint32_to_string	24	static
